// Jest Snapshot v1, https://goo.gl/fbAQLP

exports[`Snapshot testing of Loader component renders correctly 1`] = `
<span
  style={
    Object {
      "display": "block",
      "fontSize": 0,
      "height": "30px",
      "margin": "0 auto",
      "position": "relative",
      "width": "30px",
    }
  }
>
  <span
    style={
      Object {
        "animation": "react-spinners-PacmanLoader-pacman-1 0.8s infinite ease-in-out",
        "animationFillMode": "both",
        "borderBottom": "30px solid #E8E7E0",
        "borderLeft": "30px solid #E8E7E0",
        "borderRadius": "30px",
        "borderRight": "30px solid transparent",
        "borderTop": "30px solid transparent",
        "height": 0,
        "position": "absolute",
        "width": 0,
      }
    }
  />
  <span
    style={
      Object {
        "animation": "react-spinners-PacmanLoader-pacman-2 0.8s infinite ease-in-out",
        "animationFillMode": "both",
        "borderBottom": "30px solid transparent",
        "borderLeft": "30px solid #E8E7E0",
        "borderRadius": "30px",
        "borderRight": "30px solid transparent",
        "borderTop": "30px solid #E8E7E0",
        "height": 0,
        "position": "absolute",
        "width": 0,
      }
    }
  />
  <span
    style={
      Object {
        "animation": "react-spinners-PacmanLoader-ball 1s 0.5s infinite linear",
        "animationFillMode": "both",
        "backgroundColor": "#E8E7E0",
        "borderRadius": "100%",
        "height": "10px",
        "left": "120px",
        "margin": "2px",
        "position": "absolute",
        "top": "30px",
        "transform": "translate(0, -7.5px)",
        "width": "10px",
      }
    }
  />
  <span
    style={
      Object {
        "animation": "react-spinners-PacmanLoader-ball 1s 0.75s infinite linear",
        "animationFillMode": "both",
        "backgroundColor": "#E8E7E0",
        "borderRadius": "100%",
        "height": "10px",
        "left": "120px",
        "margin": "2px",
        "position": "absolute",
        "top": "30px",
        "transform": "translate(0, -7.5px)",
        "width": "10px",
      }
    }
  />
  <span
    style={
      Object {
        "animation": "react-spinners-PacmanLoader-ball 1s 1s infinite linear",
        "animationFillMode": "both",
        "backgroundColor": "#E8E7E0",
        "borderRadius": "100%",
        "height": "10px",
        "left": "120px",
        "margin": "2px",
        "position": "absolute",
        "top": "30px",
        "transform": "translate(0, -7.5px)",
        "width": "10px",
      }
    }
  />
  <span
    style={
      Object {
        "animation": "react-spinners-PacmanLoader-ball 1s 1.25s infinite linear",
        "animationFillMode": "both",
        "backgroundColor": "#E8E7E0",
        "borderRadius": "100%",
        "height": "10px",
        "left": "120px",
        "margin": "2px",
        "position": "absolute",
        "top": "30px",
        "transform": "translate(0, -7.5px)",
        "width": "10px",
      }
    }
  />
</span>
`;
