// Jest Snapshot v1, https://goo.gl/fbAQLP

exports[`Snapshot testing of HelloWorld component renders correctly 1`] = `
<div
  className="flex min-h-screen flex-col items-center justify-center py-2"
>
  <h1
    className="text-3xl underline"
  >
    Hello World!
  </h1>
</div>
`;
